// Jest Snapshot v1, https://goo.gl/fbAQLP

exports[`<Snapshots /> should render spinner 1`] = `
<div>
  <h1>
    Snapshots
  </h1>
  <p>
    This is an addition to Schnapps command-line utility which can provide more 
    <a
      href="https://docs.turris.cz/geek/schnapps/schnapps/#what-you-can-do-with-schnapps"
      rel="noopener noreferrer"
      target="_blank"
    >
      advanced options
      <sup>
        <i
          class="fa"
        />
      </sup>
    </a>
    .
  </p>
  <div
    class="spinner-wrapper my-3 text-center"
  >
    <div
      class="spinner-border"
      role="status"
    >
      <span
        class="sr-only"
      />
    </div>
  </div>
</div>
`;

exports[`<Snapshots /> should render table 1`] = `
<div>
  <h1>
    Snapshots
  </h1>
  <p>
    This is an addition to Schnapps command-line utility which can provide more 
    <a
      href="https://docs.turris.cz/geek/schnapps/schnapps/#what-you-can-do-with-schnapps"
      rel="noopener noreferrer"
      target="_blank"
    >
      advanced options
      <sup>
        <i
          class="fa"
        />
      </sup>
    </a>
    .
  </p>
  <div
    class="card p-4 col-sm-12 col-lg-12 p-0 mb-4"
  >
    <form
      class="mb-3 mb-md-0"
    >
      <h2>
        Create Snapshot
      </h2>
      <div
        class="mb-3"
      >
        <label
          class="form-label"
          for="1"
        >
          Description
        </label>
        <div
          class="input-group"
        >
          <input
            class="form-control"
            id="1"
            maxlength="50"
            type="text"
            value=""
          />
        </div>
        
      </div>
      <div
        class="text-end"
      >
        <button
          class="btn btn-primary col-12 col-md-3 col-lg-2 d-inline-flex justify-content-center align-items-center"
          data-testid="create-snapshot"
          disabled=""
          label="Create"
          type="submit"
        >
          <span>
            Save
          </span>
        </button>
      </div>
    </form>
  </div>
  <div
    class="card p-4 col-sm-12 col-lg-12 p-0 mb-4"
  >
    <h2>
      Available Snapshots
    </h2>
    <div
      class="table-responsive"
    >
      <table
        class="table table-hover mb-0"
      >
        <thead
          class="thead-light"
        >
          <tr>
            <th
              class="text-center"
              scope="col"
            >
              #
            </th>
            <th
              scope="col"
            >
              Description
            </th>
            <th
              scope="col"
            >
              Created at
            </th>
            <th
              scope="col"
            >
              Size
            </th>
            <th
              aria-label="Actions"
              scope="col"
            />
          </tr>
        </thead>
        <tbody>
          <tr
            class="text-nowrap"
          >
            <td
              class="text-center align-middle"
            >
              1
            </td>
            <td
              class="align-middle"
            >
              Whatever
            </td>
            <td
              class="align-middle"
            >
              1/30/2020 10:27 AM
            </td>
            <td
              class="align-middle"
            >
              808 kB
            </td>
            <td
              class="text-end align-middle"
            >
              <div
                class="dropdown position-static"
              >
                <button
                  aria-expanded="false"
                  class="btn btn-sm btn-link text-body d-inline-flex justify-content-center align-items-center"
                  data-bs-toggle="dropdown"
                  type="button"
                >
                  <span>
                    <i
                      class="fa"
                    />
                  </span>
                </button>
                <ul
                  class="dropdown-menu"
                >
                  <li>
                    <button
                      class="dropdown-item"
                      type="button"
                    >
                      <i
                        class="fa"
                      />
                      Download
                    </button>
                  </li>
                  <li>
                    <button
                      class="dropdown-item"
                      type="button"
                    >
                      <i
                        class="fa"
                      />
                      Rollback
                    </button>
                  </li>
                  <li>
                    <button
                      class="dropdown-item"
                      type="button"
                    >
                      <i
                        class="fa"
                      />
                      Delete
                    </button>
                  </li>
                </ul>
              </div>
            </td>
          </tr>
          <tr
            class="text-nowrap"
          >
            <td
              class="text-center align-middle"
            >
              2
            </td>
            <td
              class="align-middle"
            >
              Something
            </td>
            <td
              class="align-middle"
            >
              1/31/2020 10:27 AM
            </td>
            <td
              class="align-middle"
            >
              909 kB
            </td>
            <td
              class="text-end align-middle"
            >
              <div
                class="dropdown position-static"
              >
                <button
                  aria-expanded="false"
                  class="btn btn-sm btn-link text-body d-inline-flex justify-content-center align-items-center"
                  data-bs-toggle="dropdown"
                  type="button"
                >
                  <span>
                    <i
                      class="fa"
                    />
                  </span>
                </button>
                <ul
                  class="dropdown-menu"
                >
                  <li>
                    <button
                      class="dropdown-item"
                      type="button"
                    >
                      <i
                        class="fa"
                      />
                      Download
                    </button>
                  </li>
                  <li>
                    <button
                      class="dropdown-item"
                      type="button"
                    >
                      <i
                        class="fa"
                      />
                      Rollback
                    </button>
                  </li>
                  <li>
                    <button
                      class="dropdown-item"
                      type="button"
                    >
                      <i
                        class="fa"
                      />
                      Delete
                    </button>
                  </li>
                </ul>
              </div>
            </td>
          </tr>
        </tbody>
      </table>
    </div>
  </div>
</div>
`;
